Archive member included because of file (symbol)

c:/winavr-20100110/bin/../lib/gcc/avr/4.3.3/avr5\libgcc.a(_exit.o)
                              c:/winavr-20100110/bin/../lib/gcc/avr/4.3.3/../../../../avr/lib/avr5/crtm32.o (exit)
c:/winavr-20100110/bin/../lib/gcc/avr/4.3.3/avr5\libgcc.a(_copy_data.o)
                              ./FreeRTOS/heap_2.o (__do_copy_data)
c:/winavr-20100110/bin/../lib/gcc/avr/4.3.3/avr5\libgcc.a(_clear_bss.o)
                              ./FreeRTOS/croutine.o (__do_clear_bss)
c:/winavr-20100110/bin/../lib/gcc/avr/4.3.3/avr5\libgcc.a(_fixunssfsi.o)
                              ./main.o (__fixunssfsi)
c:/winavr-20100110/bin/../lib/gcc/avr/4.3.3/avr5\libgcc.a(_addsub_sf.o)
                              c:/winavr-20100110/bin/../lib/gcc/avr/4.3.3/avr5\libgcc.a(_fixunssfsi.o) (__subsf3)
c:/winavr-20100110/bin/../lib/gcc/avr/4.3.3/avr5\libgcc.a(_mul_sf.o)
                              ./main.o (__mulsf3)
c:/winavr-20100110/bin/../lib/gcc/avr/4.3.3/avr5\libgcc.a(_gt_sf.o)
                              ./main.o (__gtsf2)
c:/winavr-20100110/bin/../lib/gcc/avr/4.3.3/avr5\libgcc.a(_ge_sf.o)
                              c:/winavr-20100110/bin/../lib/gcc/avr/4.3.3/avr5\libgcc.a(_fixunssfsi.o) (__gesf2)
c:/winavr-20100110/bin/../lib/gcc/avr/4.3.3/avr5\libgcc.a(_lt_sf.o)
                              ./main.o (__ltsf2)
c:/winavr-20100110/bin/../lib/gcc/avr/4.3.3/avr5\libgcc.a(_sf_to_si.o)
                              c:/winavr-20100110/bin/../lib/gcc/avr/4.3.3/avr5\libgcc.a(_fixunssfsi.o) (__fixsfsi)
c:/winavr-20100110/bin/../lib/gcc/avr/4.3.3/avr5\libgcc.a(_thenan_sf.o)
                              c:/winavr-20100110/bin/../lib/gcc/avr/4.3.3/avr5\libgcc.a(_addsub_sf.o) (__thenan_sf)
c:/winavr-20100110/bin/../lib/gcc/avr/4.3.3/avr5\libgcc.a(_prologue.o)
                              c:/winavr-20100110/bin/../lib/gcc/avr/4.3.3/avr5\libgcc.a(_addsub_sf.o) (__prologue_saves__)
c:/winavr-20100110/bin/../lib/gcc/avr/4.3.3/avr5\libgcc.a(_epilogue.o)
                              c:/winavr-20100110/bin/../lib/gcc/avr/4.3.3/avr5\libgcc.a(_addsub_sf.o) (__epilogue_restores__)
c:/winavr-20100110/bin/../lib/gcc/avr/4.3.3/avr5\libgcc.a(_pack_sf.o)
                              c:/winavr-20100110/bin/../lib/gcc/avr/4.3.3/avr5\libgcc.a(_addsub_sf.o) (__pack_f)
c:/winavr-20100110/bin/../lib/gcc/avr/4.3.3/avr5\libgcc.a(_unpack_sf.o)
                              c:/winavr-20100110/bin/../lib/gcc/avr/4.3.3/avr5\libgcc.a(_addsub_sf.o) (__unpack_f)
c:/winavr-20100110/bin/../lib/gcc/avr/4.3.3/avr5\libgcc.a(_fpcmp_parts_sf.o)
                              c:/winavr-20100110/bin/../lib/gcc/avr/4.3.3/avr5\libgcc.a(_gt_sf.o) (__fpcmp_parts_f)
c:/winavr-20100110/bin/../lib/gcc/avr/4.3.3/../../../../avr/lib/avr5\libc.a(memcpy.o)
                              ./FreeRTOS/queue.o (memcpy)

Memory Configuration

Name             Origin             Length             Attributes
text             0x00000000         0x00020000         xr
data             0x00800060         0x0000ffa0         rw !x
eeprom           0x00810000         0x00010000         rw !x
fuse             0x00820000         0x00000400         rw !x
lock             0x00830000         0x00000400         rw !x
signature        0x00840000         0x00000400         rw !x
*default*        0x00000000         0xffffffff

Linker script and memory map

LOAD c:/winavr-20100110/bin/../lib/gcc/avr/4.3.3/../../../../avr/lib/avr5/crtm32.o
LOAD ./FreeRTOS/croutine.o
LOAD ./FreeRTOS/heap_2.o
LOAD ./FreeRTOS/list.o
LOAD ./FreeRTOS/port.o
LOAD ./FreeRTOS/queue.o
LOAD ./FreeRTOS/tasks.o
LOAD ./main.o
LOAD c:/winavr-20100110/bin/../lib/gcc/avr/4.3.3/avr5\libgcc.a
LOAD c:/winavr-20100110/bin/../lib/gcc/avr/4.3.3/../../../../avr/lib/avr5\libc.a
LOAD c:/winavr-20100110/bin/../lib/gcc/avr/4.3.3/avr5\libgcc.a

.hash
 *(.hash)

.dynsym
 *(.dynsym)

.dynstr
 *(.dynstr)

.gnu.version
 *(.gnu.version)

.gnu.version_d
 *(.gnu.version_d)

.gnu.version_r
 *(.gnu.version_r)

.rel.init
 *(.rel.init)

.rela.init
 *(.rela.init)

.rel.text
 *(.rel.text)
 *(.rel.text.*)
 *(.rel.gnu.linkonce.t*)

.rela.text
 *(.rela.text)
 *(.rela.text.*)
 *(.rela.gnu.linkonce.t*)

.rel.fini
 *(.rel.fini)

.rela.fini
 *(.rela.fini)

.rel.rodata
 *(.rel.rodata)
 *(.rel.rodata.*)
 *(.rel.gnu.linkonce.r*)

.rela.rodata
 *(.rela.rodata)
 *(.rela.rodata.*)
 *(.rela.gnu.linkonce.r*)

.rel.data
 *(.rel.data)
 *(.rel.data.*)
 *(.rel.gnu.linkonce.d*)

.rela.data
 *(.rela.data)
 *(.rela.data.*)
 *(.rela.gnu.linkonce.d*)

.rel.ctors
 *(.rel.ctors)

.rela.ctors
 *(.rela.ctors)

.rel.dtors
 *(.rel.dtors)

.rela.dtors
 *(.rela.dtors)

.rel.got
 *(.rel.got)

.rela.got
 *(.rela.got)

.rel.bss
 *(.rel.bss)

.rela.bss
 *(.rela.bss)

.rel.plt
 *(.rel.plt)

.rela.plt
 *(.rela.plt)

.text           0x00000000     0x4cb8
 *(.vectors)
 .vectors       0x00000000       0x54 c:/winavr-20100110/bin/../lib/gcc/avr/4.3.3/../../../../avr/lib/avr5/crtm32.o
                0x00000000                __vectors
                0x00000000                __vector_default
 *(.vectors)
 *(.progmem.gcc*)
 *(.progmem*)
                0x00000054                . = ALIGN (0x2)
                0x00000054                __trampolines_start = .
 *(.trampolines)
 .trampolines   0x00000054        0x0 linker stubs
 *(.trampolines*)
                0x00000054                __trampolines_end = .
 *(.jumptables)
 *(.jumptables*)
 *(.lowtext)
 *(.lowtext*)
                0x00000054                __ctors_start = .
 *(.ctors)
                0x00000054                __ctors_end = .
                0x00000054                __dtors_start = .
 *(.dtors)
                0x00000054                __dtors_end = .
 SORT(*)(.ctors)
 SORT(*)(.dtors)
 *(.init0)
 .init0         0x00000054        0x0 c:/winavr-20100110/bin/../lib/gcc/avr/4.3.3/../../../../avr/lib/avr5/crtm32.o
                0x00000054                __init
 *(.init0)
 *(.init1)
 *(.init1)
 *(.init2)
 .init2         0x00000054        0xc c:/winavr-20100110/bin/../lib/gcc/avr/4.3.3/../../../../avr/lib/avr5/crtm32.o
 *(.init2)
 *(.init3)
 *(.init3)
 *(.init4)
 .init4         0x00000060       0x16 c:/winavr-20100110/bin/../lib/gcc/avr/4.3.3/avr5\libgcc.a(_copy_data.o)
                0x00000060                __do_copy_data
 .init4         0x00000076       0x10 c:/winavr-20100110/bin/../lib/gcc/avr/4.3.3/avr5\libgcc.a(_clear_bss.o)
                0x00000076                __do_clear_bss
 *(.init4)
 *(.init5)
 *(.init5)
 *(.init6)
 *(.init6)
 *(.init7)
 *(.init7)
 *(.init8)
 *(.init8)
 *(.init9)
 .init9         0x00000086        0x8 c:/winavr-20100110/bin/../lib/gcc/avr/4.3.3/../../../../avr/lib/avr5/crtm32.o
 *(.init9)
 *(.text)
 .text          0x0000008e        0x4 c:/winavr-20100110/bin/../lib/gcc/avr/4.3.3/../../../../avr/lib/avr5/crtm32.o
                0x0000008e                __vector_1
                0x0000008e                __vector_12
                0x0000008e                __bad_interrupt
                0x0000008e                __vector_6
                0x0000008e                __vector_3
                0x0000008e                __vector_11
                0x0000008e                __vector_13
                0x0000008e                __vector_17
                0x0000008e                __vector_19
                0x0000008e                __vector_5
                0x0000008e                __vector_4
                0x0000008e                __vector_9
                0x0000008e                __vector_2
                0x0000008e                __vector_15
                0x0000008e                __vector_8
                0x0000008e                __vector_14
                0x0000008e                __vector_10
                0x0000008e                __vector_16
                0x0000008e                __vector_18
                0x0000008e                __vector_20
 .text          0x00000092        0x0 ./FreeRTOS/croutine.o
 .text          0x00000092        0x0 ./FreeRTOS/heap_2.o
 .text          0x00000092        0x0 ./FreeRTOS/list.o
 .text          0x00000092        0x0 ./FreeRTOS/port.o
 .text          0x00000092        0x0 ./FreeRTOS/queue.o
 .text          0x00000092        0x0 ./FreeRTOS/tasks.o
 .text          0x00000092        0x0 ./main.o
 .text          0x00000092        0x0 c:/winavr-20100110/bin/../lib/gcc/avr/4.3.3/avr5\libgcc.a(_exit.o)
 .text          0x00000092        0x0 c:/winavr-20100110/bin/../lib/gcc/avr/4.3.3/avr5\libgcc.a(_copy_data.o)
 .text          0x00000092        0x0 c:/winavr-20100110/bin/../lib/gcc/avr/4.3.3/avr5\libgcc.a(_clear_bss.o)
 .text          0x00000092       0x58 c:/winavr-20100110/bin/../lib/gcc/avr/4.3.3/avr5\libgcc.a(_fixunssfsi.o)
                0x00000092                __fixunssfsi
 .text          0x000000ea      0x354 c:/winavr-20100110/bin/../lib/gcc/avr/4.3.3/avr5\libgcc.a(_addsub_sf.o)
                0x00000382                __subsf3
                0x000003e4                __addsf3
 .text          0x0000043e      0x1f4 c:/winavr-20100110/bin/../lib/gcc/avr/4.3.3/avr5\libgcc.a(_mul_sf.o)
                0x0000043e                __mulsf3
 .text          0x00000632       0x60 c:/winavr-20100110/bin/../lib/gcc/avr/4.3.3/avr5\libgcc.a(_gt_sf.o)
                0x00000632                __gtsf2
 .text          0x00000692       0x60 c:/winavr-20100110/bin/../lib/gcc/avr/4.3.3/avr5\libgcc.a(_ge_sf.o)
                0x00000692                __gesf2
 .text          0x000006f2       0x60 c:/winavr-20100110/bin/../lib/gcc/avr/4.3.3/avr5\libgcc.a(_lt_sf.o)
                0x000006f2                __ltsf2
 .text          0x00000752       0xa8 c:/winavr-20100110/bin/../lib/gcc/avr/4.3.3/avr5\libgcc.a(_sf_to_si.o)
                0x00000752                __fixsfsi
 .text          0x000007fa        0x0 c:/winavr-20100110/bin/../lib/gcc/avr/4.3.3/avr5\libgcc.a(_thenan_sf.o)
 .text          0x000007fa        0x0 c:/winavr-20100110/bin/../lib/gcc/avr/4.3.3/avr5\libgcc.a(_prologue.o)
 .text          0x000007fa        0x0 c:/winavr-20100110/bin/../lib/gcc/avr/4.3.3/avr5\libgcc.a(_epilogue.o)
 .text          0x000007fa      0x1aa c:/winavr-20100110/bin/../lib/gcc/avr/4.3.3/avr5\libgcc.a(_pack_sf.o)
                0x000007fa                __pack_f
 .text          0x000009a4       0xf0 c:/winavr-20100110/bin/../lib/gcc/avr/4.3.3/avr5\libgcc.a(_unpack_sf.o)
                0x000009a4                __unpack_f
 .text          0x00000a94       0xb2 c:/winavr-20100110/bin/../lib/gcc/avr/4.3.3/avr5\libgcc.a(_fpcmp_parts_sf.o)
                0x00000a94                __fpcmp_parts_f
 .text          0x00000b46        0x0 c:/winavr-20100110/bin/../lib/gcc/avr/4.3.3/../../../../avr/lib/avr5\libc.a(memcpy.o)
                0x00000b46                . = ALIGN (0x2)
 *(.text.*)
 .text.xCoRoutineCreate
                0x00000b46      0x128 ./FreeRTOS/croutine.o
                0x00000b46                xCoRoutineCreate
 .text.vCoRoutineAddToDelayedList
                0x00000c6e       0xc2 ./FreeRTOS/croutine.o
                0x00000c6e                vCoRoutineAddToDelayedList
 .text.prvCheckPendingReadyList
                0x00000d30       0x94 ./FreeRTOS/croutine.o
 .text.prvCheckDelayedList
                0x00000dc4      0x15c ./FreeRTOS/croutine.o
 .text.vCoRoutineSchedule
                0x00000f20      0x102 ./FreeRTOS/croutine.o
                0x00000f20                vCoRoutineSchedule
 .text.prvInitialiseCoRoutineLists
                0x00001022       0x72 ./FreeRTOS/croutine.o
 .text.xCoRoutineRemoveFromEventList
                0x00001094       0x70 ./FreeRTOS/croutine.o
                0x00001094                xCoRoutineRemoveFromEventList
 .text.pvPortMalloc
                0x00001104      0x1d0 ./FreeRTOS/heap_2.o
                0x00001104                pvPortMalloc
 .text.vPortFree
                0x000012d4       0xda ./FreeRTOS/heap_2.o
                0x000012d4                vPortFree
 .text.xPortGetFreeHeapSize
                0x000013ae       0x16 ./FreeRTOS/heap_2.o
                0x000013ae                xPortGetFreeHeapSize
 .text.vPortInitialiseBlocks
                0x000013c4        0xe ./FreeRTOS/heap_2.o
                0x000013c4                vPortInitialiseBlocks
 .text.prvHeapInit
                0x000013d2       0x6a ./FreeRTOS/heap_2.o
 .text.vListInitialise
                0x0000143c       0x54 ./FreeRTOS/list.o
                0x0000143c                vListInitialise
 .text.vListInitialiseItem
                0x00001490       0x20 ./FreeRTOS/list.o
                0x00001490                vListInitialiseItem
 .text.vListInsertEnd
                0x000014b0       0x88 ./FreeRTOS/list.o
                0x000014b0                vListInsertEnd
 .text.vListInsert
                0x00001538       0xd8 ./FreeRTOS/list.o
                0x00001538                vListInsert
 .text.uxListRemove
                0x00001610       0x98 ./FreeRTOS/list.o
                0x00001610                uxListRemove
 .text.pxPortInitialiseStack
                0x000016a8      0x306 ./FreeRTOS/port.o
                0x000016a8                pxPortInitialiseStack
 .text.xPortStartScheduler
                0x000019ae       0x6a ./FreeRTOS/port.o
                0x000019ae                xPortStartScheduler
 .text.vPortEndScheduler
                0x00001a18        0xe ./FreeRTOS/port.o
                0x00001a18                vPortEndScheduler
 .text.vPortYield
                0x00001a26       0xb2 ./FreeRTOS/port.o
                0x00001a26                vPortYield
 .text.vPortYieldFromTick
                0x00001ad8       0xba ./FreeRTOS/port.o
                0x00001ad8                vPortYieldFromTick
 .text.prvSetupTimerInterrupt
                0x00001b92       0xb8 ./FreeRTOS/port.o
 .text.__vector_7
                0x00001c4a        0x6 ./FreeRTOS/port.o
                0x00001c4a                __vector_7
 .text.xQueueGenericReset
                0x00001c50      0x10c ./FreeRTOS/queue.o
                0x00001c50                xQueueGenericReset
 .text.xQueueGenericCreate
                0x00001d5c       0x9a ./FreeRTOS/queue.o
                0x00001d5c                xQueueGenericCreate
 .text.prvInitialiseNewQueue
                0x00001df6       0x76 ./FreeRTOS/queue.o
 .text.prvInitialiseMutex
                0x00001e6c       0x48 ./FreeRTOS/queue.o
 .text.xQueueCreateMutex
                0x00001eb4       0x40 ./FreeRTOS/queue.o
                0x00001eb4                xQueueCreateMutex
 .text.xQueueGenericSend
                0x00001ef4      0x158 ./FreeRTOS/queue.o
                0x00001ef4                xQueueGenericSend
 .text.xQueueGenericSendFromISR
                0x0000204c       0xb0 ./FreeRTOS/queue.o
                0x0000204c                xQueueGenericSendFromISR
 .text.xQueueGiveFromISR
                0x000020fc       0xa2 ./FreeRTOS/queue.o
                0x000020fc                xQueueGiveFromISR
 .text.xQueueGenericReceive
                0x0000219e      0x1d0 ./FreeRTOS/queue.o
                0x0000219e                xQueueGenericReceive
 .text.xQueueReceiveFromISR
                0x0000236e       0xae ./FreeRTOS/queue.o
                0x0000236e                xQueueReceiveFromISR
 .text.xQueuePeekFromISR
                0x0000241c       0x72 ./FreeRTOS/queue.o
                0x0000241c                xQueuePeekFromISR
 .text.uxQueueMessagesWaiting
                0x0000248e       0x30 ./FreeRTOS/queue.o
                0x0000248e                uxQueueMessagesWaiting
 .text.uxQueueSpacesAvailable
                0x000024be       0x4a ./FreeRTOS/queue.o
                0x000024be                uxQueueSpacesAvailable
 .text.uxQueueMessagesWaitingFromISR
                0x00002508       0x26 ./FreeRTOS/queue.o
                0x00002508                uxQueueMessagesWaitingFromISR
 .text.vQueueDelete
                0x0000252e       0x2e ./FreeRTOS/queue.o
                0x0000252e                vQueueDelete
 .text.prvCopyDataToQueue
                0x0000255c      0x170 ./FreeRTOS/queue.o
 .text.prvCopyDataFromQueue
                0x000026cc       0x8e ./FreeRTOS/queue.o
 .text.prvUnlockQueue
                0x0000275a       0xa6 ./FreeRTOS/queue.o
 .text.prvIsQueueEmpty
                0x00002800       0x3a ./FreeRTOS/queue.o
 .text.xQueueIsQueueEmptyFromISR
                0x0000283a       0x30 ./FreeRTOS/queue.o
                0x0000283a                xQueueIsQueueEmptyFromISR
 .text.prvIsQueueFull
                0x0000286a       0x40 ./FreeRTOS/queue.o
 .text.xQueueIsQueueFullFromISR
                0x000028aa       0x36 ./FreeRTOS/queue.o
                0x000028aa                xQueueIsQueueFullFromISR
 .text.xQueueCRSend
                0x000028e0       0xc2 ./FreeRTOS/queue.o
                0x000028e0                xQueueCRSend
 .text.xQueueCRReceive
                0x000029a2      0x11c ./FreeRTOS/queue.o
                0x000029a2                xQueueCRReceive
 .text.xQueueCRSendFromISR
                0x00002abe       0x82 ./FreeRTOS/queue.o
                0x00002abe                xQueueCRSendFromISR
 .text.xQueueCRReceiveFromISR
                0x00002b40       0xea ./FreeRTOS/queue.o
                0x00002b40                xQueueCRReceiveFromISR
 .text.xTaskCreate
                0x00002c2a       0xf0 ./FreeRTOS/tasks.o
                0x00002c2a                xTaskCreate
 .text.prvInitialiseNewTask
                0x00002d1a      0x176 ./FreeRTOS/tasks.o
 .text.prvAddNewTaskToReadyList
                0x00002e90       0xf0 ./FreeRTOS/tasks.o
 .text.vTaskDelete
                0x00002f80       0xe4 ./FreeRTOS/tasks.o
                0x00002f80                vTaskDelete
 .text.vTaskDelayUntil
                0x00003064       0xe4 ./FreeRTOS/tasks.o
                0x00003064                vTaskDelayUntil
 .text.vTaskDelay
                0x00003148       0x44 ./FreeRTOS/tasks.o
                0x00003148                vTaskDelay
 .text.vTaskPrioritySet
                0x0000318c      0x194 ./FreeRTOS/tasks.o
                0x0000318c                vTaskPrioritySet
 .text.vTaskSuspend
                0x00003320       0xd8 ./FreeRTOS/tasks.o
                0x00003320                vTaskSuspend
 .text.prvTaskIsTaskSuspended
                0x000033f8       0x5e ./FreeRTOS/tasks.o
 .text.vTaskResume
                0x00003456       0xc8 ./FreeRTOS/tasks.o
                0x00003456                vTaskResume
 .text.xTaskResumeFromISR
                0x0000351e       0xcc ./FreeRTOS/tasks.o
                0x0000351e                xTaskResumeFromISR
 .text.vTaskStartScheduler
                0x000035ea       0x64 ./FreeRTOS/tasks.o
                0x000035ea                vTaskStartScheduler
 .text.vTaskEndScheduler
                0x0000364e       0x18 ./FreeRTOS/tasks.o
                0x0000364e                vTaskEndScheduler
 .text.vTaskSuspendAll
                0x00003666       0x18 ./FreeRTOS/tasks.o
                0x00003666                vTaskSuspendAll
 .text.xTaskResumeAll
                0x0000367e      0x126 ./FreeRTOS/tasks.o
                0x0000367e                xTaskResumeAll
 .text.xTaskGetTickCount
                0x000037a4       0x2e ./FreeRTOS/tasks.o
                0x000037a4                xTaskGetTickCount
 .text.xTaskGetTickCountFromISR
                0x000037d2       0x2a ./FreeRTOS/tasks.o
                0x000037d2                xTaskGetTickCountFromISR
 .text.uxTaskGetNumberOfTasks
                0x000037fc       0x12 ./FreeRTOS/tasks.o
                0x000037fc                uxTaskGetNumberOfTasks
 .text.pcTaskGetName
                0x0000380e       0x50 ./FreeRTOS/tasks.o
                0x0000380e                pcTaskGetName
 .text.xTaskIncrementTick
                0x0000385e      0x1ca ./FreeRTOS/tasks.o
                0x0000385e                xTaskIncrementTick
 .text.vTaskSwitchContext
                0x00003a28       0xda ./FreeRTOS/tasks.o
                0x00003a28                vTaskSwitchContext
 .text.vTaskPlaceOnEventList
                0x00003b02       0x44 ./FreeRTOS/tasks.o
                0x00003b02                vTaskPlaceOnEventList
 .text.vTaskPlaceOnUnorderedEventList
                0x00003b46       0x60 ./FreeRTOS/tasks.o
                0x00003b46                vTaskPlaceOnUnorderedEventList
 .text.xTaskRemoveFromEventList
                0x00003ba6       0xd6 ./FreeRTOS/tasks.o
                0x00003ba6                xTaskRemoveFromEventList
 .text.xTaskRemoveFromUnorderedEventList
                0x00003c7c       0xca ./FreeRTOS/tasks.o
                0x00003c7c                xTaskRemoveFromUnorderedEventList
 .text.vTaskSetTimeOutState
                0x00003d46       0x32 ./FreeRTOS/tasks.o
                0x00003d46                vTaskSetTimeOutState
 .text.xTaskCheckForTimeOut
                0x00003d78       0xda ./FreeRTOS/tasks.o
                0x00003d78                xTaskCheckForTimeOut
 .text.vTaskMissedYield
                0x00003e52       0x14 ./FreeRTOS/tasks.o
                0x00003e52                vTaskMissedYield
 .text.prvIdleTask
                0x00003e66       0x14 ./FreeRTOS/tasks.o
 .text.prvInitialiseTaskLists
                0x00003e7a       0x82 ./FreeRTOS/tasks.o
 .text.prvCheckTasksWaitingTermination
                0x00003efc       0x7e ./FreeRTOS/tasks.o
 .text.prvDeleteTCB
                0x00003f7a       0x2c ./FreeRTOS/tasks.o
 .text.prvResetNextTaskUnblockTime
                0x00003fa6       0x56 ./FreeRTOS/tasks.o
 .text.xTaskGetCurrentTaskHandle
                0x00003ffc       0x24 ./FreeRTOS/tasks.o
                0x00003ffc                xTaskGetCurrentTaskHandle
 .text.vTaskPriorityInherit
                0x00004020      0x116 ./FreeRTOS/tasks.o
                0x00004020                vTaskPriorityInherit
 .text.xTaskPriorityDisinherit
                0x00004136       0xe4 ./FreeRTOS/tasks.o
                0x00004136                xTaskPriorityDisinherit
 .text.uxTaskResetEventItemValue
                0x0000421a       0x4e ./FreeRTOS/tasks.o
                0x0000421a                uxTaskResetEventItemValue
 .text.pvTaskIncrementMutexHeldCount
                0x00004268       0x30 ./FreeRTOS/tasks.o
                0x00004268                pvTaskIncrementMutexHeldCount
 .text.ulTaskNotifyTake
                0x00004298       0xee ./FreeRTOS/tasks.o
                0x00004298                ulTaskNotifyTake
 .text.xTaskNotifyWait
                0x00004386      0x138 ./FreeRTOS/tasks.o
                0x00004386                xTaskNotifyWait
 .text.xTaskGenericNotify
                0x000044be      0x1ba ./FreeRTOS/tasks.o
                0x000044be                xTaskGenericNotify
 .text.xTaskGenericNotifyFromISR
                0x00004678      0x1f2 ./FreeRTOS/tasks.o
                0x00004678                xTaskGenericNotifyFromISR
 .text.vTaskNotifyGiveFromISR
                0x0000486a      0x10e ./FreeRTOS/tasks.o
                0x0000486a                vTaskNotifyGiveFromISR
 .text.xTaskNotifyStateClear
                0x00004978       0x74 ./FreeRTOS/tasks.o
                0x00004978                xTaskNotifyStateClear
 .text.prvAddCurrentTaskToDelayedList
                0x000049ec       0xf8 ./FreeRTOS/tasks.o
 .text.led      0x00004ae4      0x112 ./main.o
                0x00004ae4                led
 .text.main     0x00004bf6       0x3e ./main.o
                0x00004bf6                main
 .text.libgcc   0x00004c34        0x0 c:/winavr-20100110/bin/../lib/gcc/avr/4.3.3/avr5\libgcc.a(_exit.o)
 .text.libgcc   0x00004c34        0x0 c:/winavr-20100110/bin/../lib/gcc/avr/4.3.3/avr5\libgcc.a(_copy_data.o)
 .text.libgcc   0x00004c34        0x0 c:/winavr-20100110/bin/../lib/gcc/avr/4.3.3/avr5\libgcc.a(_clear_bss.o)
 .text.libgcc   0x00004c34       0x38 c:/winavr-20100110/bin/../lib/gcc/avr/4.3.3/avr5\libgcc.a(_prologue.o)
                0x00004c34                __prologue_saves__
 .text.libgcc   0x00004c6c       0x36 c:/winavr-20100110/bin/../lib/gcc/avr/4.3.3/avr5\libgcc.a(_epilogue.o)
                0x00004c6c                __epilogue_restores__
 .text.avr-libc
                0x00004ca2       0x12 c:/winavr-20100110/bin/../lib/gcc/avr/4.3.3/../../../../avr/lib/avr5\libc.a(memcpy.o)
                0x00004ca2                memcpy
                0x00004cb4                . = ALIGN (0x2)
 *(.fini9)
 .fini9         0x00004cb4        0x0 c:/winavr-20100110/bin/../lib/gcc/avr/4.3.3/avr5\libgcc.a(_exit.o)
                0x00004cb4                exit
                0x00004cb4                _exit
 *(.fini9)
 *(.fini8)
 *(.fini8)
 *(.fini7)
 *(.fini7)
 *(.fini6)
 *(.fini6)
 *(.fini5)
 *(.fini5)
 *(.fini4)
 *(.fini4)
 *(.fini3)
 *(.fini3)
 *(.fini2)
 *(.fini2)
 *(.fini1)
 *(.fini1)
 *(.fini0)
 .fini0         0x00004cb4        0x4 c:/winavr-20100110/bin/../lib/gcc/avr/4.3.3/avr5\libgcc.a(_exit.o)
 *(.fini0)
                0x00004cb8                _etext = .

.data           0x00800060       0x16 load address 0x00004cb8
                0x00800060                PROVIDE (__data_start, .)
 *(.data)
 .data          0x00800060        0x0 c:/winavr-20100110/bin/../lib/gcc/avr/4.3.3/../../../../avr/lib/avr5/crtm32.o
 .data          0x00800060        0x0 ./FreeRTOS/croutine.o
 .data          0x00800060        0x0 ./FreeRTOS/heap_2.o
 .data          0x00800060        0x0 ./FreeRTOS/list.o
 .data          0x00800060        0x0 ./FreeRTOS/port.o
 .data          0x00800060        0x0 ./FreeRTOS/queue.o
 .data          0x00800060        0x5 ./FreeRTOS/tasks.o
 .data          0x00800065        0x4 ./main.o
 .data          0x00800069        0x0 c:/winavr-20100110/bin/../lib/gcc/avr/4.3.3/avr5\libgcc.a(_exit.o)
 .data          0x00800069        0x0 c:/winavr-20100110/bin/../lib/gcc/avr/4.3.3/avr5\libgcc.a(_copy_data.o)
 .data          0x00800069        0x0 c:/winavr-20100110/bin/../lib/gcc/avr/4.3.3/avr5\libgcc.a(_clear_bss.o)
 .data          0x00800069        0x0 c:/winavr-20100110/bin/../lib/gcc/avr/4.3.3/avr5\libgcc.a(_fixunssfsi.o)
 .data          0x00800069        0x0 c:/winavr-20100110/bin/../lib/gcc/avr/4.3.3/avr5\libgcc.a(_addsub_sf.o)
 .data          0x00800069        0x0 c:/winavr-20100110/bin/../lib/gcc/avr/4.3.3/avr5\libgcc.a(_mul_sf.o)
 .data          0x00800069        0x0 c:/winavr-20100110/bin/../lib/gcc/avr/4.3.3/avr5\libgcc.a(_gt_sf.o)
 .data          0x00800069        0x0 c:/winavr-20100110/bin/../lib/gcc/avr/4.3.3/avr5\libgcc.a(_ge_sf.o)
 .data          0x00800069        0x0 c:/winavr-20100110/bin/../lib/gcc/avr/4.3.3/avr5\libgcc.a(_lt_sf.o)
 .data          0x00800069        0x0 c:/winavr-20100110/bin/../lib/gcc/avr/4.3.3/avr5\libgcc.a(_sf_to_si.o)
 .data          0x00800069        0x8 c:/winavr-20100110/bin/../lib/gcc/avr/4.3.3/avr5\libgcc.a(_thenan_sf.o)
                0x00800069                __thenan_sf
 .data          0x00800071        0x0 c:/winavr-20100110/bin/../lib/gcc/avr/4.3.3/avr5\libgcc.a(_prologue.o)
 .data          0x00800071        0x0 c:/winavr-20100110/bin/../lib/gcc/avr/4.3.3/avr5\libgcc.a(_epilogue.o)
 .data          0x00800071        0x0 c:/winavr-20100110/bin/../lib/gcc/avr/4.3.3/avr5\libgcc.a(_pack_sf.o)
 .data          0x00800071        0x0 c:/winavr-20100110/bin/../lib/gcc/avr/4.3.3/avr5\libgcc.a(_unpack_sf.o)
 .data          0x00800071        0x0 c:/winavr-20100110/bin/../lib/gcc/avr/4.3.3/avr5\libgcc.a(_fpcmp_parts_sf.o)
 .data          0x00800071        0x0 c:/winavr-20100110/bin/../lib/gcc/avr/4.3.3/../../../../avr/lib/avr5\libc.a(memcpy.o)
 *(.data*)
 .data.xFreeBytesRemaining
                0x00800071        0x2 ./FreeRTOS/heap_2.o
 *(.rodata)
 *(.rodata*)
 .rodata.heapSTRUCT_SIZE
                0x00800073        0x2 ./FreeRTOS/heap_2.o
 *(.gnu.linkonce.d*)
                0x00800076                . = ALIGN (0x2)
 *fill*         0x00800075        0x1 00
                0x00800076                _edata = .
                0x00800076                PROVIDE (__data_end, .)

.bss            0x00800076      0x4be
                0x00800076                PROVIDE (__bss_start, .)
 *(.bss)
 .bss           0x00800076        0x0 c:/winavr-20100110/bin/../lib/gcc/avr/4.3.3/../../../../avr/lib/avr5/crtm32.o
 .bss           0x00800076        0x0 ./FreeRTOS/croutine.o
 .bss           0x00800076        0x0 ./FreeRTOS/heap_2.o
 .bss           0x00800076        0x0 ./FreeRTOS/list.o
 .bss           0x00800076        0x0 ./FreeRTOS/port.o
 .bss           0x00800076        0x0 ./FreeRTOS/queue.o
 .bss           0x00800076        0x0 ./FreeRTOS/tasks.o
 .bss           0x00800076        0x0 ./main.o
 .bss           0x00800076        0x0 c:/winavr-20100110/bin/../lib/gcc/avr/4.3.3/avr5\libgcc.a(_exit.o)
 .bss           0x00800076        0x0 c:/winavr-20100110/bin/../lib/gcc/avr/4.3.3/avr5\libgcc.a(_copy_data.o)
 .bss           0x00800076        0x0 c:/winavr-20100110/bin/../lib/gcc/avr/4.3.3/avr5\libgcc.a(_clear_bss.o)
 .bss           0x00800076        0x0 c:/winavr-20100110/bin/../lib/gcc/avr/4.3.3/avr5\libgcc.a(_fixunssfsi.o)
 .bss           0x00800076        0x0 c:/winavr-20100110/bin/../lib/gcc/avr/4.3.3/avr5\libgcc.a(_addsub_sf.o)
 .bss           0x00800076        0x0 c:/winavr-20100110/bin/../lib/gcc/avr/4.3.3/avr5\libgcc.a(_mul_sf.o)
 .bss           0x00800076        0x0 c:/winavr-20100110/bin/../lib/gcc/avr/4.3.3/avr5\libgcc.a(_gt_sf.o)
 .bss           0x00800076        0x0 c:/winavr-20100110/bin/../lib/gcc/avr/4.3.3/avr5\libgcc.a(_ge_sf.o)
 .bss           0x00800076        0x0 c:/winavr-20100110/bin/../lib/gcc/avr/4.3.3/avr5\libgcc.a(_lt_sf.o)
 .bss           0x00800076        0x0 c:/winavr-20100110/bin/../lib/gcc/avr/4.3.3/avr5\libgcc.a(_sf_to_si.o)
 .bss           0x00800076        0x0 c:/winavr-20100110/bin/../lib/gcc/avr/4.3.3/avr5\libgcc.a(_thenan_sf.o)
 .bss           0x00800076        0x0 c:/winavr-20100110/bin/../lib/gcc/avr/4.3.3/avr5\libgcc.a(_prologue.o)
 .bss           0x00800076        0x0 c:/winavr-20100110/bin/../lib/gcc/avr/4.3.3/avr5\libgcc.a(_epilogue.o)
 .bss           0x00800076        0x0 c:/winavr-20100110/bin/../lib/gcc/avr/4.3.3/avr5\libgcc.a(_pack_sf.o)
 .bss           0x00800076        0x0 c:/winavr-20100110/bin/../lib/gcc/avr/4.3.3/avr5\libgcc.a(_unpack_sf.o)
 .bss           0x00800076        0x0 c:/winavr-20100110/bin/../lib/gcc/avr/4.3.3/avr5\libgcc.a(_fpcmp_parts_sf.o)
 .bss           0x00800076        0x0 c:/winavr-20100110/bin/../lib/gcc/avr/4.3.3/../../../../avr/lib/avr5\libc.a(memcpy.o)
 *(.bss*)
 .bss.pxDelayedCoRoutineList
                0x00800076        0x2 ./FreeRTOS/croutine.o
 .bss.pxOverflowDelayedCoRoutineList
                0x00800078        0x2 ./FreeRTOS/croutine.o
 .bss.pxCurrentCoRoutine
                0x0080007a        0x2 ./FreeRTOS/croutine.o
                0x0080007a                pxCurrentCoRoutine
 .bss.uxTopCoRoutineReadyPriority
                0x0080007c        0x1 ./FreeRTOS/croutine.o
 .bss.xCoRoutineTickCount
                0x0080007d        0x2 ./FreeRTOS/croutine.o
 .bss.xLastTickCount
                0x0080007f        0x2 ./FreeRTOS/croutine.o
 .bss.xPassedTicks
                0x00800081        0x2 ./FreeRTOS/croutine.o
 .bss.pxReadyCoRoutineLists
                0x00800083       0x24 ./FreeRTOS/croutine.o
 .bss.xDelayedCoRoutineList1
                0x008000a7        0x9 ./FreeRTOS/croutine.o
 .bss.xDelayedCoRoutineList2
                0x008000b0        0x9 ./FreeRTOS/croutine.o
 .bss.xPendingReadyCoRoutineList
                0x008000b9        0x9 ./FreeRTOS/croutine.o
 .bss.xHeapHasBeenInitialised.1640
                0x008000c2        0x1 ./FreeRTOS/heap_2.o
 .bss.ucHeap    0x008000c3      0x3e8 ./FreeRTOS/heap_2.o
 .bss.xStart    0x008004ab        0x4 ./FreeRTOS/heap_2.o
 .bss.xEnd      0x008004af        0x4 ./FreeRTOS/heap_2.o
 .bss.pxCurrentTCB
                0x008004b3        0x2 ./FreeRTOS/tasks.o
                0x008004b3                pxCurrentTCB
 .bss.uxDeletedTasksWaitingCleanUp
                0x008004b5        0x1 ./FreeRTOS/tasks.o
 .bss.uxCurrentNumberOfTasks
                0x008004b6        0x1 ./FreeRTOS/tasks.o
 .bss.xTickCount
                0x008004b7        0x2 ./FreeRTOS/tasks.o
 .bss.uxTopReadyPriority
                0x008004b9        0x1 ./FreeRTOS/tasks.o
 .bss.xSchedulerRunning
                0x008004ba        0x1 ./FreeRTOS/tasks.o
 .bss.uxPendedTicks
                0x008004bb        0x1 ./FreeRTOS/tasks.o
 .bss.xYieldPending
                0x008004bc        0x1 ./FreeRTOS/tasks.o
 .bss.xNumOfOverflows
                0x008004bd        0x1 ./FreeRTOS/tasks.o
 .bss.uxTaskNumber
                0x008004be        0x1 ./FreeRTOS/tasks.o
 .bss.xNextTaskUnblockTime
                0x008004bf        0x2 ./FreeRTOS/tasks.o
 .bss.xIdleTaskHandle
                0x008004c1        0x2 ./FreeRTOS/tasks.o
 .bss.uxSchedulerSuspended
                0x008004c3        0x1 ./FreeRTOS/tasks.o
 .bss.pxReadyTasksLists
                0x008004c4       0x3f ./FreeRTOS/tasks.o
 .bss.xDelayedTaskList1
                0x00800503        0x9 ./FreeRTOS/tasks.o
 .bss.xDelayedTaskList2
                0x0080050c        0x9 ./FreeRTOS/tasks.o
 .bss.pxDelayedTaskList
                0x00800515        0x2 ./FreeRTOS/tasks.o
 .bss.pxOverflowDelayedTaskList
                0x00800517        0x2 ./FreeRTOS/tasks.o
 .bss.xPendingReadyList
                0x00800519        0x9 ./FreeRTOS/tasks.o
 .bss.xTasksWaitingTermination
                0x00800522        0x9 ./FreeRTOS/tasks.o
 .bss.xSuspendedTaskList
                0x0080052b        0x9 ./FreeRTOS/tasks.o
 *(COMMON)
                0x00800534                PROVIDE (__bss_end, .)
                0x00004cb8                __data_load_start = LOADADDR (.data)
                0x00004cce                __data_load_end = (__data_load_start + SIZEOF (.data))

.noinit         0x00800534        0x0
                0x00800534                PROVIDE (__noinit_start, .)
 *(.noinit*)
                0x00800534                PROVIDE (__noinit_end, .)
                0x00800534                _end = .
                0x00800534                PROVIDE (__heap_start, .)

.eeprom         0x00810000        0x0
 *(.eeprom*)
                0x00810000                __eeprom_end = .

.fuse
 *(.fuse)
 *(.lfuse)
 *(.hfuse)
 *(.efuse)

.lock
 *(.lock*)

.signature
 *(.signature*)

.stab           0x00000000     0x66b4
 *(.stab)
 .stab          0x00000000      0xc9c ./FreeRTOS/croutine.o
 .stab          0x00000c9c      0x648 ./FreeRTOS/heap_2.o
                                0xa44 (size before relaxing)
 .stab          0x000012e4      0x474 ./FreeRTOS/list.o
                                0x834 (size before relaxing)
 .stab          0x00001758      0x840 ./FreeRTOS/port.o
                                0xcc0 (size before relaxing)
 .stab          0x00001f98     0x1c50 ./FreeRTOS/queue.o
                               0x2118 (size before relaxing)
 .stab          0x00003be8     0x2814 ./FreeRTOS/tasks.o
                               0x2ca0 (size before relaxing)
 .stab          0x000063fc      0x2b8 ./main.o
                                0x744 (size before relaxing)

.stabstr        0x00000000     0x36fc
 *(.stabstr)
 .stabstr       0x00000000     0x36fc ./FreeRTOS/croutine.o

.stab.excl
 *(.stab.excl)

.stab.exclstr
 *(.stab.exclstr)

.stab.index
 *(.stab.index)

.stab.indexstr
 *(.stab.indexstr)

.comment
 *(.comment)

.debug
 *(.debug)

.line
 *(.line)

.debug_srcinfo
 *(.debug_srcinfo)

.debug_sfnames
 *(.debug_sfnames)

.debug_aranges  0x00000000      0x140
 *(.debug_aranges)
 .debug_aranges
                0x00000000       0x20 c:/winavr-20100110/bin/../lib/gcc/avr/4.3.3/avr5\libgcc.a(_fixunssfsi.o)
 .debug_aranges
                0x00000020       0x20 c:/winavr-20100110/bin/../lib/gcc/avr/4.3.3/avr5\libgcc.a(_addsub_sf.o)
 .debug_aranges
                0x00000040       0x20 c:/winavr-20100110/bin/../lib/gcc/avr/4.3.3/avr5\libgcc.a(_mul_sf.o)
 .debug_aranges
                0x00000060       0x20 c:/winavr-20100110/bin/../lib/gcc/avr/4.3.3/avr5\libgcc.a(_gt_sf.o)
 .debug_aranges
                0x00000080       0x20 c:/winavr-20100110/bin/../lib/gcc/avr/4.3.3/avr5\libgcc.a(_ge_sf.o)
 .debug_aranges
                0x000000a0       0x20 c:/winavr-20100110/bin/../lib/gcc/avr/4.3.3/avr5\libgcc.a(_lt_sf.o)
 .debug_aranges
                0x000000c0       0x20 c:/winavr-20100110/bin/../lib/gcc/avr/4.3.3/avr5\libgcc.a(_sf_to_si.o)
 .debug_aranges
                0x000000e0       0x20 c:/winavr-20100110/bin/../lib/gcc/avr/4.3.3/avr5\libgcc.a(_pack_sf.o)
 .debug_aranges
                0x00000100       0x20 c:/winavr-20100110/bin/../lib/gcc/avr/4.3.3/avr5\libgcc.a(_unpack_sf.o)
 .debug_aranges
                0x00000120       0x20 c:/winavr-20100110/bin/../lib/gcc/avr/4.3.3/avr5\libgcc.a(_fpcmp_parts_sf.o)

.debug_pubnames
                0x00000000      0x170
 *(.debug_pubnames)
 .debug_pubnames
                0x00000000       0x23 c:/winavr-20100110/bin/../lib/gcc/avr/4.3.3/avr5\libgcc.a(_fixunssfsi.o)
 .debug_pubnames
                0x00000023       0x2c c:/winavr-20100110/bin/../lib/gcc/avr/4.3.3/avr5\libgcc.a(_addsub_sf.o)
 .debug_pubnames
                0x0000004f       0x1f c:/winavr-20100110/bin/../lib/gcc/avr/4.3.3/avr5\libgcc.a(_mul_sf.o)
 .debug_pubnames
                0x0000006e       0x1e c:/winavr-20100110/bin/../lib/gcc/avr/4.3.3/avr5\libgcc.a(_gt_sf.o)
 .debug_pubnames
                0x0000008c       0x1e c:/winavr-20100110/bin/../lib/gcc/avr/4.3.3/avr5\libgcc.a(_ge_sf.o)
 .debug_pubnames
                0x000000aa       0x1e c:/winavr-20100110/bin/../lib/gcc/avr/4.3.3/avr5\libgcc.a(_lt_sf.o)
 .debug_pubnames
                0x000000c8       0x20 c:/winavr-20100110/bin/../lib/gcc/avr/4.3.3/avr5\libgcc.a(_sf_to_si.o)
 .debug_pubnames
                0x000000e8       0x22 c:/winavr-20100110/bin/../lib/gcc/avr/4.3.3/avr5\libgcc.a(_thenan_sf.o)
 .debug_pubnames
                0x0000010a       0x1f c:/winavr-20100110/bin/../lib/gcc/avr/4.3.3/avr5\libgcc.a(_pack_sf.o)
 .debug_pubnames
                0x00000129       0x21 c:/winavr-20100110/bin/../lib/gcc/avr/4.3.3/avr5\libgcc.a(_unpack_sf.o)
 .debug_pubnames
                0x0000014a       0x26 c:/winavr-20100110/bin/../lib/gcc/avr/4.3.3/avr5\libgcc.a(_fpcmp_parts_sf.o)

.debug_info     0x00000000     0x1c49
 *(.debug_info)
 .debug_info    0x00000000       0xb1 c:/winavr-20100110/bin/../lib/gcc/avr/4.3.3/avr5\libgcc.a(_fixunssfsi.o)
 .debug_info    0x000000b1      0x47a c:/winavr-20100110/bin/../lib/gcc/avr/4.3.3/avr5\libgcc.a(_addsub_sf.o)
 .debug_info    0x0000052b      0x485 c:/winavr-20100110/bin/../lib/gcc/avr/4.3.3/avr5\libgcc.a(_mul_sf.o)
 .debug_info    0x000009b0      0x27f c:/winavr-20100110/bin/../lib/gcc/avr/4.3.3/avr5\libgcc.a(_gt_sf.o)
 .debug_info    0x00000c2f      0x27f c:/winavr-20100110/bin/../lib/gcc/avr/4.3.3/avr5\libgcc.a(_ge_sf.o)
 .debug_info    0x00000eae      0x27f c:/winavr-20100110/bin/../lib/gcc/avr/4.3.3/avr5\libgcc.a(_lt_sf.o)
 .debug_info    0x0000112d      0x2b0 c:/winavr-20100110/bin/../lib/gcc/avr/4.3.3/avr5\libgcc.a(_sf_to_si.o)
 .debug_info    0x000013dd      0x12c c:/winavr-20100110/bin/../lib/gcc/avr/4.3.3/avr5\libgcc.a(_thenan_sf.o)
 .debug_info    0x00001509      0x2df c:/winavr-20100110/bin/../lib/gcc/avr/4.3.3/avr5\libgcc.a(_pack_sf.o)
 .debug_info    0x000017e8      0x251 c:/winavr-20100110/bin/../lib/gcc/avr/4.3.3/avr5\libgcc.a(_unpack_sf.o)
 .debug_info    0x00001a39      0x210 c:/winavr-20100110/bin/../lib/gcc/avr/4.3.3/avr5\libgcc.a(_fpcmp_parts_sf.o)
 *(.gnu.linkonce.wi.*)

.debug_abbrev   0x00000000      0xeeb
 *(.debug_abbrev)
 .debug_abbrev  0x00000000       0x5d c:/winavr-20100110/bin/../lib/gcc/avr/4.3.3/avr5\libgcc.a(_fixunssfsi.o)
 .debug_abbrev  0x0000005d      0x1ea c:/winavr-20100110/bin/../lib/gcc/avr/4.3.3/avr5\libgcc.a(_addsub_sf.o)
 .debug_abbrev  0x00000247      0x21b c:/winavr-20100110/bin/../lib/gcc/avr/4.3.3/avr5\libgcc.a(_mul_sf.o)
 .debug_abbrev  0x00000462      0x15a c:/winavr-20100110/bin/../lib/gcc/avr/4.3.3/avr5\libgcc.a(_gt_sf.o)
 .debug_abbrev  0x000005bc      0x15a c:/winavr-20100110/bin/../lib/gcc/avr/4.3.3/avr5\libgcc.a(_ge_sf.o)
 .debug_abbrev  0x00000716      0x15a c:/winavr-20100110/bin/../lib/gcc/avr/4.3.3/avr5\libgcc.a(_lt_sf.o)
 .debug_abbrev  0x00000870      0x17f c:/winavr-20100110/bin/../lib/gcc/avr/4.3.3/avr5\libgcc.a(_sf_to_si.o)
 .debug_abbrev  0x000009ef       0xad c:/winavr-20100110/bin/../lib/gcc/avr/4.3.3/avr5\libgcc.a(_thenan_sf.o)
 .debug_abbrev  0x00000a9c      0x1c0 c:/winavr-20100110/bin/../lib/gcc/avr/4.3.3/avr5\libgcc.a(_pack_sf.o)
 .debug_abbrev  0x00000c5c      0x154 c:/winavr-20100110/bin/../lib/gcc/avr/4.3.3/avr5\libgcc.a(_unpack_sf.o)
 .debug_abbrev  0x00000db0      0x13b c:/winavr-20100110/bin/../lib/gcc/avr/4.3.3/avr5\libgcc.a(_fpcmp_parts_sf.o)

.debug_line     0x00000000      0xdad
 *(.debug_line)
 .debug_line    0x00000000       0xa7 c:/winavr-20100110/bin/../lib/gcc/avr/4.3.3/avr5\libgcc.a(_fixunssfsi.o)
 .debug_line    0x000000a7      0x2af c:/winavr-20100110/bin/../lib/gcc/avr/4.3.3/avr5\libgcc.a(_addsub_sf.o)
 .debug_line    0x00000356      0x239 c:/winavr-20100110/bin/../lib/gcc/avr/4.3.3/avr5\libgcc.a(_mul_sf.o)
 .debug_line    0x0000058f       0xd3 c:/winavr-20100110/bin/../lib/gcc/avr/4.3.3/avr5\libgcc.a(_gt_sf.o)
 .debug_line    0x00000662       0xd3 c:/winavr-20100110/bin/../lib/gcc/avr/4.3.3/avr5\libgcc.a(_ge_sf.o)
 .debug_line    0x00000735       0xd3 c:/winavr-20100110/bin/../lib/gcc/avr/4.3.3/avr5\libgcc.a(_lt_sf.o)
 .debug_line    0x00000808      0x109 c:/winavr-20100110/bin/../lib/gcc/avr/4.3.3/avr5\libgcc.a(_sf_to_si.o)
 .debug_line    0x00000911       0x90 c:/winavr-20100110/bin/../lib/gcc/avr/4.3.3/avr5\libgcc.a(_thenan_sf.o)
 .debug_line    0x000009a1      0x18a c:/winavr-20100110/bin/../lib/gcc/avr/4.3.3/avr5\libgcc.a(_pack_sf.o)
 .debug_line    0x00000b2b      0x14b c:/winavr-20100110/bin/../lib/gcc/avr/4.3.3/avr5\libgcc.a(_unpack_sf.o)
 .debug_line    0x00000c76      0x137 c:/winavr-20100110/bin/../lib/gcc/avr/4.3.3/avr5\libgcc.a(_fpcmp_parts_sf.o)

.debug_frame    0x00000000      0x160
 *(.debug_frame)
 .debug_frame   0x00000000       0x20 c:/winavr-20100110/bin/../lib/gcc/avr/4.3.3/avr5\libgcc.a(_fixunssfsi.o)
 .debug_frame   0x00000020       0x40 c:/winavr-20100110/bin/../lib/gcc/avr/4.3.3/avr5\libgcc.a(_addsub_sf.o)
 .debug_frame   0x00000060       0x20 c:/winavr-20100110/bin/../lib/gcc/avr/4.3.3/avr5\libgcc.a(_mul_sf.o)
 .debug_frame   0x00000080       0x20 c:/winavr-20100110/bin/../lib/gcc/avr/4.3.3/avr5\libgcc.a(_gt_sf.o)
 .debug_frame   0x000000a0       0x20 c:/winavr-20100110/bin/../lib/gcc/avr/4.3.3/avr5\libgcc.a(_ge_sf.o)
 .debug_frame   0x000000c0       0x20 c:/winavr-20100110/bin/../lib/gcc/avr/4.3.3/avr5\libgcc.a(_lt_sf.o)
 .debug_frame   0x000000e0       0x20 c:/winavr-20100110/bin/../lib/gcc/avr/4.3.3/avr5\libgcc.a(_sf_to_si.o)
 .debug_frame   0x00000100       0x20 c:/winavr-20100110/bin/../lib/gcc/avr/4.3.3/avr5\libgcc.a(_pack_sf.o)
 .debug_frame   0x00000120       0x20 c:/winavr-20100110/bin/../lib/gcc/avr/4.3.3/avr5\libgcc.a(_unpack_sf.o)
 .debug_frame   0x00000140       0x20 c:/winavr-20100110/bin/../lib/gcc/avr/4.3.3/avr5\libgcc.a(_fpcmp_parts_sf.o)

.debug_str      0x00000000      0x28d
 *(.debug_str)
 .debug_str     0x00000000       0xbf c:/winavr-20100110/bin/../lib/gcc/avr/4.3.3/avr5\libgcc.a(_fixunssfsi.o)
                                 0xfe (size before relaxing)
 .debug_str     0x000000bf      0x14d c:/winavr-20100110/bin/../lib/gcc/avr/4.3.3/avr5\libgcc.a(_addsub_sf.o)
                                0x206 (size before relaxing)
 .debug_str     0x0000020c       0x27 c:/winavr-20100110/bin/../lib/gcc/avr/4.3.3/avr5\libgcc.a(_mul_sf.o)
                                0x1bf (size before relaxing)
 .debug_str     0x00000233        0xf c:/winavr-20100110/bin/../lib/gcc/avr/4.3.3/avr5\libgcc.a(_gt_sf.o)
                                0x195 (size before relaxing)
 .debug_str     0x00000242        0x8 c:/winavr-20100110/bin/../lib/gcc/avr/4.3.3/avr5\libgcc.a(_ge_sf.o)
                                0x195 (size before relaxing)
 .debug_str     0x0000024a        0x8 c:/winavr-20100110/bin/../lib/gcc/avr/4.3.3/avr5\libgcc.a(_lt_sf.o)
                                0x195 (size before relaxing)
 .debug_str     0x00000252        0xa c:/winavr-20100110/bin/../lib/gcc/avr/4.3.3/avr5\libgcc.a(_sf_to_si.o)
                                0x19e (size before relaxing)
 .debug_str     0x00000000      0x103 c:/winavr-20100110/bin/../lib/gcc/avr/4.3.3/avr5\libgcc.a(_thenan_sf.o)
 .debug_str     0x0000025c       0x16 c:/winavr-20100110/bin/../lib/gcc/avr/4.3.3/avr5\libgcc.a(_pack_sf.o)
                                0x19d (size before relaxing)
 .debug_str     0x00000272        0xb c:/winavr-20100110/bin/../lib/gcc/avr/4.3.3/avr5\libgcc.a(_unpack_sf.o)
                                0x17f (size before relaxing)
 .debug_str     0x0000027d       0x10 c:/winavr-20100110/bin/../lib/gcc/avr/4.3.3/avr5\libgcc.a(_fpcmp_parts_sf.o)
                                0x163 (size before relaxing)

.debug_loc      0x00000000      0x7ce
 *(.debug_loc)
 .debug_loc     0x00000000       0x34 c:/winavr-20100110/bin/../lib/gcc/avr/4.3.3/avr5\libgcc.a(_fixunssfsi.o)
 .debug_loc     0x00000034      0x32a c:/winavr-20100110/bin/../lib/gcc/avr/4.3.3/avr5\libgcc.a(_addsub_sf.o)
 .debug_loc     0x0000035e      0x104 c:/winavr-20100110/bin/../lib/gcc/avr/4.3.3/avr5\libgcc.a(_mul_sf.o)
 .debug_loc     0x00000462       0x3c c:/winavr-20100110/bin/../lib/gcc/avr/4.3.3/avr5\libgcc.a(_gt_sf.o)
 .debug_loc     0x0000049e       0x3c c:/winavr-20100110/bin/../lib/gcc/avr/4.3.3/avr5\libgcc.a(_ge_sf.o)
 .debug_loc     0x000004da       0x3c c:/winavr-20100110/bin/../lib/gcc/avr/4.3.3/avr5\libgcc.a(_lt_sf.o)
 .debug_loc     0x00000516       0x7e c:/winavr-20100110/bin/../lib/gcc/avr/4.3.3/avr5\libgcc.a(_sf_to_si.o)
 .debug_loc     0x00000594      0x13e c:/winavr-20100110/bin/../lib/gcc/avr/4.3.3/avr5\libgcc.a(_pack_sf.o)
 .debug_loc     0x000006d2       0xac c:/winavr-20100110/bin/../lib/gcc/avr/4.3.3/avr5\libgcc.a(_unpack_sf.o)
 .debug_loc     0x0000077e       0x50 c:/winavr-20100110/bin/../lib/gcc/avr/4.3.3/avr5\libgcc.a(_fpcmp_parts_sf.o)

.debug_macinfo
 *(.debug_macinfo)
OUTPUT(demoTest.elf elf32-avr)
LOAD linker stubs

.debug_ranges   0x00000000       0x50
 .debug_ranges  0x00000000       0x50 c:/winavr-20100110/bin/../lib/gcc/avr/4.3.3/avr5\libgcc.a(_mul_sf.o)
